---
source: compiler-core/src/webassembly/tests/errors.rs
expression: "\n@external(webassembly, \"builtins\", \"F32\")\ntype MyFloat\n"
---
----- SOURCE CODE

@external(webassembly, "builtins", "F32")
type MyFloat


----- ERROR
UnknownExternalType { location: SrcSpan { start: 1, end: 42 }, name: "F32" }
