---
source: compiler-core/src/javascript/tests/numbers.rs
expression: "\nfn go() {\n    1 + 1 // => 2\n    5 - 1 // => 4\n    5 / 2 // => 2\n    3 * 3 // => 9\n    5 % 2 // => 1\n    2 > 1  // => True\n    2 < 1  // => False\n    2 >= 1 // => True\n    2 <= 1 // => False\n}\n"
---
import { remainderInt, divideInt } from "../gleam.mjs";

function go() {
  1n + 1n;
  5n - 1n;
  divideInt(5n, 2n);
  3n * 3n;
  remainderInt(5n, 2n);
  2n > 1n;
  2n < 1n;
  2n >= 1n;
  return 2n <= 1n;
}
