---
source: compiler-core/src/javascript/tests/case_clause_guards.rs
expression: "\npub const function = 5\npub const do = 10\npub fn main() {\n  let class = 5\n  let while = 10\n  let var = 7\n  case var {\n    _ if class == while -> True\n    _ if [class] == [5] -> True\n    function if #(function) == #(5) -> False\n    _ if do == function -> True\n    while if while > 5 -> False\n    class -> False\n  }\n}\n"
---
import { toList, isEqual } from "../gleam.mjs";

export const function$ = 5n;

export const do$ = 10n;

export function main() {
  let class$ = 5n;
  let while$ = 10n;
  let var$ = 7n;
  if (class$ === while$) {
    return true;
  } else if (isEqual(toList([class$]), toList([5n]))) {
    return true;
  } else if (isEqual([var$], [5n])) {
    let function$1 = var$;
    return false;
  } else if (10n === 5n) {
    return true;
  } else if (var$ > 5n) {
    let while$1 = var$;
    return false;
  } else {
    let class$1 = var$;
    return false;
  }
}
